// Jest Snapshot v1, https://goo.gl/fbAQLP

exports[`snapshot renders correctly 1`] = `
Array [
  <nav
    className="navbar navbar-expand-lg navbar-light bg-dark"
  >
    <span
      className="navbar-brand"
    >
      <a
        className="home-button"
        href="/"
        onClick={[Function]}
      >
        Home
      </a>
    </span>
    <button
      aria-controls="basic-navbar-nav"
      aria-label="Toggle navigation"
      className="navbar-toggler collapsed"
      onClick={[Function]}
      type="button"
    >
      <span
        className="navbar-toggler-icon"
      />
    </button>
    <div
      aria-expanded={null}
      className="navbar-collapse collapse"
      id="basic-navbar-nav"
    >
      <form
        className="ml-auto form-inline"
        onSubmit={[Function]}
      >
        <input
          className="mr-sm-2 form-control"
          onChange={[Function]}
          placeholder="Username"
          type="text"
          value=""
        />
        <a
          href="/search/"
          onClick={[Function]}
        >
          <button
            className="btn btn-outline-success"
            disabled={false}
            type="button"
          >
            Search
          </button>
        </a>
      </form>
    </div>
  </nav>,
  <section
    className="landing"
  >
    <div
      className="landing-inner"
    >
      <h1>
        Welcome to Github-Repo-Viewer
      </h1>
      <h3>
        Search for a user in the navigation above to view repositories.
      </h3>
    </div>
  </section>,
]
`;
